<html>
<body>
<pre>
<h1>µVision Build Log</h1>
<h2>Project:</h2>
C:\Users\midhu\Desktop\New folder\mms.uvproj
Project File Date:  02/17/2025

<h2>Output:</h2>
Build target 'Target 1'
assembling Startup.s...
compiling HOME AUTOMATION USING LPC2129.c...
HOME AUTOMATION USING LPC2129.c(146): warning:  #1-D: last line of file ends without a newline
linking...
Program Size: Code=1452 RO-data=16 RW-data=0 ZI-data=1256  
"mms.axf" - 0 Error(s), 1 Warning(s).
Rebuild target 'Target 1'
assembling Startup.s...
compiling HOME AUTOMATION USING LPC2129.c...
HOME AUTOMATION USING LPC2129.c(146): warning:  #1-D: last line of file ends without a newline
linking...
Program Size: Code=1724 RO-data=16 RW-data=0 ZI-data=1256  
FromELF: creating hex file...
"mms.axf" - 0 Error(s), 1 Warning(s).
